[0.068s] Invoking command in '/home/gurshh/ur_ws/build/ur_simulation_gazebo': CMAKE_PREFIX_PATH=/home/gurshh/ur_ws/install/ur_description:/home/gurshh/ur_ws/install/ur_simulation_gazebo:/opt/ros/humble /usr/bin/cmake --build /home/gurshh/ur_ws/build/ur_simulation_gazebo -- -j12 -l12
[0.103s] Invoked command in '/home/gurshh/ur_ws/build/ur_simulation_gazebo' returned '0': CMAKE_PREFIX_PATH=/home/gurshh/ur_ws/install/ur_description:/home/gurshh/ur_ws/install/ur_simulation_gazebo:/opt/ros/humble /usr/bin/cmake --build /home/gurshh/ur_ws/build/ur_simulation_gazebo -- -j12 -l12
[0.114s] Invoking command in '/home/gurshh/ur_ws/build/ur_simulation_gazebo': CMAKE_PREFIX_PATH=/home/gurshh/ur_ws/install/ur_description:/home/gurshh/ur_ws/install/ur_simulation_gazebo:/opt/ros/humble /usr/bin/cmake --install /home/gurshh/ur_ws/build/ur_simulation_gazebo
[0.121s] -- Install configuration: ""
[0.121s] -- Execute custom install script
[0.121s] -- Up-to-date symlink: /home/gurshh/ur_ws/install/ur_simulation_gazebo/share/ur_simulation_gazebo/config/moveit_controllers.yaml
[0.122s] -- Up-to-date symlink: /home/gurshh/ur_ws/install/ur_simulation_gazebo/share/ur_simulation_gazebo/config/ur_controllers.yaml
[0.122s] -- Up-to-date symlink: /home/gurshh/ur_ws/install/ur_simulation_gazebo/share/ur_simulation_gazebo/launch/ur_sim_control.launch.py
[0.122s] -- Up-to-date symlink: /home/gurshh/ur_ws/install/ur_simulation_gazebo/share/ur_simulation_gazebo/launch/ur_sim_moveit.launch.py
[0.122s] -- Up-to-date symlink: /home/gurshh/ur_ws/install/ur_simulation_gazebo/share/ur_simulation_gazebo/worlds/table_boxes.world
[0.122s] -- Up-to-date symlink: /home/gurshh/ur_ws/install/ur_simulation_gazebo/share/ur_simulation_gazebo/urdf/environment.urdf.xacro
[0.123s] -- Up-to-date symlink: /home/gurshh/ur_ws/install/ur_simulation_gazebo/share/ur_simulation_gazebo/urdf/overhead_camera.urdf.xacro
[0.123s] -- Up-to-date symlink: /home/gurshh/ur_ws/install/ur_simulation_gazebo/share/ur_simulation_gazebo/urdf/ur.urdf.xacro
[0.123s] -- Up-to-date symlink: /home/gurshh/ur_ws/install/ur_simulation_gazebo/share/ur_simulation_gazebo/scripts/xacro_no_comments.bash
[0.123s] -- Up-to-date symlink: /home/gurshh/ur_ws/install/ur_simulation_gazebo/lib/ur_simulation_gazebo/spawn_planning_scene.py
[0.123s] -- Up-to-date symlink: /home/gurshh/ur_ws/install/ur_simulation_gazebo/share/ament_index/resource_index/package_run_dependencies/ur_simulation_gazebo
[0.123s] -- Up-to-date symlink: /home/gurshh/ur_ws/install/ur_simulation_gazebo/share/ament_index/resource_index/parent_prefix_path/ur_simulation_gazebo
[0.124s] -- Up-to-date symlink: /home/gurshh/ur_ws/install/ur_simulation_gazebo/share/ur_simulation_gazebo/environment/ament_prefix_path.sh
[0.124s] -- Up-to-date symlink: /home/gurshh/ur_ws/install/ur_simulation_gazebo/share/ur_simulation_gazebo/environment/ament_prefix_path.dsv
[0.124s] -- Up-to-date symlink: /home/gurshh/ur_ws/install/ur_simulation_gazebo/share/ur_simulation_gazebo/environment/path.sh
[0.124s] -- Up-to-date symlink: /home/gurshh/ur_ws/install/ur_simulation_gazebo/share/ur_simulation_gazebo/environment/path.dsv
[0.124s] -- Up-to-date symlink: /home/gurshh/ur_ws/install/ur_simulation_gazebo/share/ur_simulation_gazebo/local_setup.bash
[0.124s] -- Up-to-date symlink: /home/gurshh/ur_ws/install/ur_simulation_gazebo/share/ur_simulation_gazebo/local_setup.sh
[0.124s] -- Up-to-date symlink: /home/gurshh/ur_ws/install/ur_simulation_gazebo/share/ur_simulation_gazebo/local_setup.zsh
[0.125s] -- Up-to-date symlink: /home/gurshh/ur_ws/install/ur_simulation_gazebo/share/ur_simulation_gazebo/local_setup.dsv
[0.125s] -- Symlinking: /home/gurshh/ur_ws/install/ur_simulation_gazebo/share/ur_simulation_gazebo/package.dsv
[0.134s] -- Up-to-date symlink: /home/gurshh/ur_ws/install/ur_simulation_gazebo/share/ament_index/resource_index/packages/ur_simulation_gazebo
[0.134s] -- Up-to-date symlink: /home/gurshh/ur_ws/install/ur_simulation_gazebo/share/ur_simulation_gazebo/cmake/ur_simulation_gazeboConfig.cmake
[0.135s] -- Up-to-date symlink: /home/gurshh/ur_ws/install/ur_simulation_gazebo/share/ur_simulation_gazebo/cmake/ur_simulation_gazeboConfig-version.cmake
[0.135s] -- Up-to-date symlink: /home/gurshh/ur_ws/install/ur_simulation_gazebo/share/ur_simulation_gazebo/package.xml
[0.137s] Invoked command in '/home/gurshh/ur_ws/build/ur_simulation_gazebo' returned '0': CMAKE_PREFIX_PATH=/home/gurshh/ur_ws/install/ur_description:/home/gurshh/ur_ws/install/ur_simulation_gazebo:/opt/ros/humble /usr/bin/cmake --install /home/gurshh/ur_ws/build/ur_simulation_gazebo
