[0.123s] Invoking command in '/home/gurshh/ur_ws/build/ur_simulation_gazebo': AMENT_PREFIX_PATH=/home/gurshh/ur_ws/install/ur_description:${AMENT_PREFIX_PATH} CMAKE_PREFIX_PATH=/home/gurshh/ur_ws/install/ur_description:/opt/ros/humble /usr/bin/cmake --build /home/gurshh/ur_ws/build/ur_simulation_gazebo -- -j12 -l12
[0.298s] Invoked command in '/home/gurshh/ur_ws/build/ur_simulation_gazebo' returned '0': AMENT_PREFIX_PATH=/home/gurshh/ur_ws/install/ur_description:${AMENT_PREFIX_PATH} CMAKE_PREFIX_PATH=/home/gurshh/ur_ws/install/ur_description:/opt/ros/humble /usr/bin/cmake --build /home/gurshh/ur_ws/build/ur_simulation_gazebo -- -j12 -l12
[0.314s] Invoking command in '/home/gurshh/ur_ws/build/ur_simulation_gazebo': AMENT_PREFIX_PATH=/home/gurshh/ur_ws/install/ur_description:${AMENT_PREFIX_PATH} CMAKE_PREFIX_PATH=/home/gurshh/ur_ws/install/ur_description:/opt/ros/humble /usr/bin/cmake --install /home/gurshh/ur_ws/build/ur_simulation_gazebo
[0.325s] -- Install configuration: ""
[0.327s] -- Execute custom install script
[0.329s] -- Up-to-date symlink: /home/gurshh/ur_ws/install/ur_simulation_gazebo/share/ur_simulation_gazebo/config/moveit_controllers.yaml
[0.329s] -- Up-to-date symlink: /home/gurshh/ur_ws/install/ur_simulation_gazebo/share/ur_simulation_gazebo/config/ur_controllers.yaml
[0.330s] -- Up-to-date symlink: /home/gurshh/ur_ws/install/ur_simulation_gazebo/share/ur_simulation_gazebo/launch/ur_sim_control.launch.py
[0.330s] -- Up-to-date symlink: /home/gurshh/ur_ws/install/ur_simulation_gazebo/share/ur_simulation_gazebo/launch/ur_sim_moveit.launch.py
[0.331s] -- Up-to-date symlink: /home/gurshh/ur_ws/install/ur_simulation_gazebo/share/ur_simulation_gazebo/worlds/table_boxes.world
[0.332s] -- Up-to-date symlink: /home/gurshh/ur_ws/install/ur_simulation_gazebo/share/ur_simulation_gazebo/urdf/environment.urdf.xacro
[0.332s] -- Up-to-date symlink: /home/gurshh/ur_ws/install/ur_simulation_gazebo/share/ur_simulation_gazebo/urdf/overhead_camera.urdf.xacro
[0.333s] -- Up-to-date symlink: /home/gurshh/ur_ws/install/ur_simulation_gazebo/share/ur_simulation_gazebo/urdf/ur.urdf.xacro
[0.334s] -- Up-to-date symlink: /home/gurshh/ur_ws/install/ur_simulation_gazebo/share/ur_simulation_gazebo/models/box_detector.pt
[0.335s] -- Up-to-date symlink: /home/gurshh/ur_ws/install/ur_simulation_gazebo/share/ur_simulation_gazebo/scripts/xacro_no_comments.bash
[0.335s] -- Up-to-date symlink: /home/gurshh/ur_ws/install/ur_simulation_gazebo/lib/ur_simulation_gazebo/spawn_planning_scene.py
[0.335s] -- Up-to-date symlink: /home/gurshh/ur_ws/install/ur_simulation_gazebo/lib/ur_simulation_gazebo/yolo_detector.py
[0.336s] -- Up-to-date symlink: /home/gurshh/ur_ws/install/ur_simulation_gazebo/lib/ur_simulation_gazebo/generate_yolo_dataset.py
[0.337s] -- Up-to-date symlink: /home/gurshh/ur_ws/install/ur_simulation_gazebo/lib/ur_simulation_gazebo/pick_panel.py
[0.337s] -- Up-to-date symlink: /home/gurshh/ur_ws/install/ur_simulation_gazebo/share/ament_index/resource_index/package_run_dependencies/ur_simulation_gazebo
[0.337s] -- Up-to-date symlink: /home/gurshh/ur_ws/install/ur_simulation_gazebo/share/ament_index/resource_index/parent_prefix_path/ur_simulation_gazebo
[0.338s] -- Up-to-date symlink: /home/gurshh/ur_ws/install/ur_simulation_gazebo/share/ur_simulation_gazebo/environment/ament_prefix_path.sh
[0.338s] -- Up-to-date symlink: /home/gurshh/ur_ws/install/ur_simulation_gazebo/share/ur_simulation_gazebo/environment/ament_prefix_path.dsv
[0.339s] -- Up-to-date symlink: /home/gurshh/ur_ws/install/ur_simulation_gazebo/share/ur_simulation_gazebo/environment/path.sh
[0.339s] -- Up-to-date symlink: /home/gurshh/ur_ws/install/ur_simulation_gazebo/share/ur_simulation_gazebo/environment/path.dsv
[0.339s] -- Up-to-date symlink: /home/gurshh/ur_ws/install/ur_simulation_gazebo/share/ur_simulation_gazebo/local_setup.bash
[0.340s] -- Up-to-date symlink: /home/gurshh/ur_ws/install/ur_simulation_gazebo/share/ur_simulation_gazebo/local_setup.sh
[0.340s] -- Up-to-date symlink: /home/gurshh/ur_ws/install/ur_simulation_gazebo/share/ur_simulation_gazebo/local_setup.zsh
[0.340s] -- Up-to-date symlink: /home/gurshh/ur_ws/install/ur_simulation_gazebo/share/ur_simulation_gazebo/local_setup.dsv
[0.340s] -- Symlinking: /home/gurshh/ur_ws/install/ur_simulation_gazebo/share/ur_simulation_gazebo/package.dsv
[0.355s] -- Up-to-date symlink: /home/gurshh/ur_ws/install/ur_simulation_gazebo/share/ament_index/resource_index/packages/ur_simulation_gazebo
[0.356s] -- Up-to-date symlink: /home/gurshh/ur_ws/install/ur_simulation_gazebo/share/ur_simulation_gazebo/cmake/ur_simulation_gazeboConfig.cmake
[0.356s] -- Up-to-date symlink: /home/gurshh/ur_ws/install/ur_simulation_gazebo/share/ur_simulation_gazebo/cmake/ur_simulation_gazeboConfig-version.cmake
[0.356s] -- Up-to-date symlink: /home/gurshh/ur_ws/install/ur_simulation_gazebo/share/ur_simulation_gazebo/package.xml
[0.359s] Invoked command in '/home/gurshh/ur_ws/build/ur_simulation_gazebo' returned '0': AMENT_PREFIX_PATH=/home/gurshh/ur_ws/install/ur_description:${AMENT_PREFIX_PATH} CMAKE_PREFIX_PATH=/home/gurshh/ur_ws/install/ur_description:/opt/ros/humble /usr/bin/cmake --install /home/gurshh/ur_ws/build/ur_simulation_gazebo
